// Jest Snapshot v1, https://goo.gl/fbAQLP

exports[`SearchBar SearchBar tests should render correctly 1`] = `
ShallowWrapper {
  Symbol(enzyme.__root__): [Circular],
  Symbol(enzyme.__unrendered__): <SearchBar
    search={[MockFunction]}
  />,
  Symbol(enzyme.__renderer__): Object {
    "batchedUpdates": [Function],
    "getNode": [Function],
    "render": [Function],
    "simulateEvent": [Function],
    "unmount": [Function],
  },
  Symbol(enzyme.__node__): Object {
    "instance": null,
    "key": undefined,
    "nodeType": "host",
    "props": Object {
      "children": <div
        className="row"
      >
        <div
          className="col-lg-12"
        >
          <div
            className="input-group"
          >
            <input
              className="form-control"
              onChange={[Function]}
              placeholder="e.g. Harry Potter"
              type="text"
            />
            <span
              className="input-group-btn"
            >
              <button
                className="btn btn-default btn-go"
                onClick={[Function]}
                type="button"
              >
                Go
              </button>
            </span>
          </div>
        </div>
      </div>,
      "onSubmit": [Function],
    },
    "ref": null,
    "rendered": Object {
      "instance": null,
      "key": undefined,
      "nodeType": "host",
      "props": Object {
        "children": <div
          className="col-lg-12"
        >
          <div
            className="input-group"
          >
            <input
              className="form-control"
              onChange={[Function]}
              placeholder="e.g. Harry Potter"
              type="text"
            />
            <span
              className="input-group-btn"
            >
              <button
                className="btn btn-default btn-go"
                onClick={[Function]}
                type="button"
              >
                Go
              </button>
            </span>
          </div>
        </div>,
        "className": "row",
      },
      "ref": null,
      "rendered": Object {
        "instance": null,
        "key": undefined,
        "nodeType": "host",
        "props": Object {
          "children": <div
            className="input-group"
          >
            <input
              className="form-control"
              onChange={[Function]}
              placeholder="e.g. Harry Potter"
              type="text"
            />
            <span
              className="input-group-btn"
            >
              <button
                className="btn btn-default btn-go"
                onClick={[Function]}
                type="button"
              >
                Go
              </button>
            </span>
          </div>,
          "className": "col-lg-12",
        },
        "ref": null,
        "rendered": Object {
          "instance": null,
          "key": undefined,
          "nodeType": "host",
          "props": Object {
            "children": Array [
              <input
                className="form-control"
                onChange={[Function]}
                placeholder="e.g. Harry Potter"
                type="text"
              />,
              <span
                className="input-group-btn"
              >
                <button
                  className="btn btn-default btn-go"
                  onClick={[Function]}
                  type="button"
                >
                  Go
                </button>
              </span>,
            ],
            "className": "input-group",
          },
          "ref": null,
          "rendered": Array [
            Object {
              "instance": null,
              "key": undefined,
              "nodeType": "host",
              "props": Object {
                "className": "form-control",
                "onChange": [Function],
                "placeholder": "e.g. Harry Potter",
                "type": "text",
              },
              "ref": null,
              "rendered": null,
              "type": "input",
            },
            Object {
              "instance": null,
              "key": undefined,
              "nodeType": "host",
              "props": Object {
                "children": <button
                  className="btn btn-default btn-go"
                  onClick={[Function]}
                  type="button"
                >
                  Go
                </button>,
                "className": "input-group-btn",
              },
              "ref": null,
              "rendered": Object {
                "instance": null,
                "key": undefined,
                "nodeType": "host",
                "props": Object {
                  "children": "Go",
                  "className": "btn btn-default btn-go",
                  "onClick": [Function],
                  "type": "button",
                },
                "ref": null,
                "rendered": "Go",
                "type": "button",
              },
              "type": "span",
            },
          ],
          "type": "div",
        },
        "type": "div",
      },
      "type": "div",
    },
    "type": "form",
  },
  Symbol(enzyme.__nodes__): Array [
    Object {
      "instance": null,
      "key": undefined,
      "nodeType": "host",
      "props": Object {
        "children": <div
          className="row"
        >
          <div
            className="col-lg-12"
          >
            <div
              className="input-group"
            >
              <input
                className="form-control"
                onChange={[Function]}
                placeholder="e.g. Harry Potter"
                type="text"
              />
              <span
                className="input-group-btn"
              >
                <button
                  className="btn btn-default btn-go"
                  onClick={[Function]}
                  type="button"
                >
                  Go
                </button>
              </span>
            </div>
          </div>
        </div>,
        "onSubmit": [Function],
      },
      "ref": null,
      "rendered": Object {
        "instance": null,
        "key": undefined,
        "nodeType": "host",
        "props": Object {
          "children": <div
            className="col-lg-12"
          >
            <div
              className="input-group"
            >
              <input
                className="form-control"
                onChange={[Function]}
                placeholder="e.g. Harry Potter"
                type="text"
              />
              <span
                className="input-group-btn"
              >
                <button
                  className="btn btn-default btn-go"
                  onClick={[Function]}
                  type="button"
                >
                  Go
                </button>
              </span>
            </div>
          </div>,
          "className": "row",
        },
        "ref": null,
        "rendered": Object {
          "instance": null,
          "key": undefined,
          "nodeType": "host",
          "props": Object {
            "children": <div
              className="input-group"
            >
              <input
                className="form-control"
                onChange={[Function]}
                placeholder="e.g. Harry Potter"
                type="text"
              />
              <span
                className="input-group-btn"
              >
                <button
                  className="btn btn-default btn-go"
                  onClick={[Function]}
                  type="button"
                >
                  Go
                </button>
              </span>
            </div>,
            "className": "col-lg-12",
          },
          "ref": null,
          "rendered": Object {
            "instance": null,
            "key": undefined,
            "nodeType": "host",
            "props": Object {
              "children": Array [
                <input
                  className="form-control"
                  onChange={[Function]}
                  placeholder="e.g. Harry Potter"
                  type="text"
                />,
                <span
                  className="input-group-btn"
                >
                  <button
                    className="btn btn-default btn-go"
                    onClick={[Function]}
                    type="button"
                  >
                    Go
                  </button>
                </span>,
              ],
              "className": "input-group",
            },
            "ref": null,
            "rendered": Array [
              Object {
                "instance": null,
                "key": undefined,
                "nodeType": "host",
                "props": Object {
                  "className": "form-control",
                  "onChange": [Function],
                  "placeholder": "e.g. Harry Potter",
                  "type": "text",
                },
                "ref": null,
                "rendered": null,
                "type": "input",
              },
              Object {
                "instance": null,
                "key": undefined,
                "nodeType": "host",
                "props": Object {
                  "children": <button
                    className="btn btn-default btn-go"
                    onClick={[Function]}
                    type="button"
                  >
                    Go
                  </button>,
                  "className": "input-group-btn",
                },
                "ref": null,
                "rendered": Object {
                  "instance": null,
                  "key": undefined,
                  "nodeType": "host",
                  "props": Object {
                    "children": "Go",
                    "className": "btn btn-default btn-go",
                    "onClick": [Function],
                    "type": "button",
                  },
                  "ref": null,
                  "rendered": "Go",
                  "type": "button",
                },
                "type": "span",
              },
            ],
            "type": "div",
          },
          "type": "div",
        },
        "type": "div",
      },
      "type": "form",
    },
  ],
  Symbol(enzyme.__options__): Object {
    "adapter": ReactSixteenAdapter {
      "options": Object {
        "enableComponentDidUpdateOnSetState": true,
        "lifecycles": Object {
          "componentDidUpdate": Object {
            "onSetState": true,
          },
          "getSnapshotBeforeUpdate": true,
        },
      },
    },
    "attachTo": undefined,
    "hydrateIn": undefined,
  },
}
`;
